!      ---- Modo de Desenho da Barra ---
BU
!      ---- Tamanho da Fonte das Legendas ---
F 1
!      ---- Cores (Fundo - Identificador - Numero - Valor - Grid - Fluxo Ativo - Fluxo Reativo)---
RF 255 255 255
RI 128 0 128
RN 128 0 128
RV 0 0 255
RG 0 0 0
RA 0 0 255
RR 255 0 0
!      ---- Grupos Base de Tensão ----
!Ten  lar  R   G   B ID
!    ---- Componentes ----
!Numero Tipo Rot Hac Px Py Cor sl SubTp ch1 ch2 ch3 ch4 Descrip
C  1  1 257 0    -64    -96  0  0 -  1  0  0  0 0
C  2  1 1025 0   -192    -96  0  0 -  2  0  0  0 0
C  4  1 513 0     64   -144  0  0 - 39  0  0  0 0
C  6  1 513 0    -64    -16  0  0 -  3  0  0  0 0
C  8  1 513 1   -192    144  0  0 - 25  0  0  0 0
C 10  1 257 0   -320    -96  0  0 - 30  0  0  0 0
C 11  9   1 0   -256    -80  0  0 -  1  2 30  0 0
C 12  1 257 0    192    -96  0  0 -  9  0  0  0 0
C 14  1 769 0    320    -96  0  0 -  8  0  0  0 0
C 16  1 769 0    192    -16  0  0 -  5  0  0  0 0
C 18  1 257 0    448    -96  0  0 -  7  0  0  0 0
C 20  1 1281 0    576    -96  0  0 -  6  0  0  0 0
C 23  1 769 0    832     64  0  0 - 11  0  0  0 0
C 25  1 257 0    704    -96  0  0 - 31  0  0  0 0
C 26  9   3 0    640    -80  0  0 -  1  6 31  0 0
C 27  1 513 0     64    -16  0  0 -  4  0  0  0 0
C 30  1 513 0    832    240  0  0 - 10  0  0  0 0
C 32  1 257 0    640    160  0  0 - 12  0  0  0 0
C 33  9   3 0    736    176  0  0 -  1 12 11  0 0
C 34  1 769 0    448    160  0  0 - 13  0  0  0 0
C 36  9   1 0    544    176  0  0 -  1 12 13  0 0
C 37  1 257 0    992    288  0  0 - 32  0  0  0 0
C 38  9   9 0    912    304  0  0 -  1 10 32  0 0
C 39  1 513 0    256    160  0  0 - 14  0  0  0 0
C 42  1 513 0    576    288  0  0 - 15  0  0  0 0
C 44  1 1025 0    352    336  0  0 - 16  0  0  0 0
C 46  1 513 0     64    288  0  0 - 17  0  0  0 0
C 48  1 769 0    800    384  0  0 - 19  0  0  0 0
C 50  1 513 0    480    512  0  0 - 21  0  0  0 0
C 52  1 513 0    704    512  0  0 - 24  0  0  0 0
C 54  1 513 0    352    560  0  0 - 22  0  0  0 0
C 56  1 257 0    960    464  0  0 - 20  0  0  0 0
C 57  9   3 0    880    480  0  0 -  1 19 20  0 0
C 58  1 257 0    960    384  0  0 - 33  0  0  0 0
C 59  9   3 0    880    400  0  0 -  1 19 33  0 0
C 60  1 513 0    576    608  0  0 - 23  0  0  0 0
C 63  1 257 0    224    560  0  0 - 35  0  0  0 0
C 64  9   1 0    288    576  0  0 -  1 22 35  0 0
C 65  1 257 1    704    656  0  0 - 36  0  0  0 0
C 67  1 513 0     64    144  0  0 - 18  0  0  0 0
C 70  1 257 0    -64    288  0  0 - 27  0  0  0 0
C 72  1 257 0   1120    464  0  0 - 34  0  0  0 0
C 73  9   3 0   1040    480  0  0 -  1 20 34  0 0
C 74  1 1793 1   -192    288  0  0 - 26  0  0  0 0
C 77  1 257 1    -64    544  0  0 - 28  0  0  0 0
C 79  1 769 0     64    480  0  0 - 29  0  0  0 0
C 82  1 257 0    192    480  0  0 - 38  0  0  0 0
C 83  9   3 0    128    496  0  0 -  1 29 38  0 0
C 84  1 257 0   -320    144  0  0 - 37  0  0  0 0
C 85  9   1 0   -256    160  0  0 -  1 25 37  0 0
C 86  4   1 0   -384    -80  0  0 -  1 30  0  0 0
C 87  4   3 0    128   -128  0  0 -  1 39  0  0 0
C 88  4   1 0   -384    160  0  0 -  1 37  0  0 0
C 89  4   3 0    256    496  0  0 -  1 38  0  0 0
C 90  4   1 0    160    576  0  0 -  1 35  0  0 0
C 91  4   3 0    800    672  0  0 -  1 36  0  0 0
C 92  4   3 0   1024    400  0  0 -  1 33  0  0 0
C 93  4   3 0   1168    480  0  0 -  1 34  0  0 0
C 94  4   3 0    768    -80  0  0 -  1 31  0  0 0
C100  4   3 0   1056    304  0  0 -  1 32  0  0 0
C101  9   3 0    640    672  0  0 -  1 23 36  0 0
!      ---- Linhas ----
!Numero Tipo hac sl De Para ch1 nsg segmentos
L 3 14 0 0   1   2  1  1 1 
L 5 14 0 0   1   4  1  1 2 
L 7 14 0 0   2   6  1  1 3 
L 9 14 0 0   2   8  1  1 4 
L13 14 0 0  12   4  1  1 7 
L15 14 0 0  14  12  1  1 8 
L17 14 0 0  16  14  1  1 9 
L19 14 0 0  18  14  1  1 10 
L21 14 0 0  16  20  1  1 11 
L22 14 0 0  20  18  1  1 12 
L24 14 0 0  20  23  1  1 13 
L28 14 0 0   6  27  1  1 16 
L29 14 0 0  27  16  1  1 17 
L31 14 0 0  30  23  1  1 18 
L35 14 0 0  30  34  1  1 21 
L40 14 0 0  27  39  1  1 26 
L41 14 0 0  34  39  1  1 27 
L43 14 0 0  39  42  1  1 28 
L45 14 0 0  42  44  1  1 29 
L47 14 0 0  44  46  1  1 30 
L49 14 0 0  44  48  1  1 31 
L51 14 0 0  44  50  1  1 32 
L53 14 0 0  44  52  1  1 33 
L55 14 0 0  50  54  1  1 34 
L61 14 0 0  54  60  1  1 39 
L62 14 0 0  60  52  1  1 40 
L68 14 0 0   6  67  1  1 44 
L69 14 0 0  46  67  1  1 45 
L71 14 0 0  46  70  1  1 46 
L75 14 0 0   8  74  1  1 49 
L76 14 0 0  74  70  1  1 50 
L78 14 0 0  74  77  1  1 51 
L80 14 0 0  74  79  1  1 52 
L81 14 0 0  77  79  1  1 53 
!     ---- Ligacoes ----
!Numero Flags cor Inic Coni Fin Conf Linhas nqb quebras
U 1 0  0   1   2   2   2   3   0 
U 2 0  0   1   2   4   5   5   0 
U 3 0  0   2   7   6   2   7   0 
U 5 0  0  11   1   2   2  -1   0 
U 6 0  0  11   2  10   2  -1   0 
U 7 0  0  12   2   4   5  13   0 
U 8 0  0  14   2  12   2  15   0 
U 9 0  0  16   2  14   7  17   0 
U10 0  0  18   2  14   2  19   0 
U11 0  0  16   7  20  12  21   0 
U12 0  0  20   2  18   2  22   0 
U13 0  0  20  12  23   2  24   0 
U14 0  0  26   1  20   2  -1   0 
U15 0  0  26   2  25   2  -1   0 
U16 0  0   6   2  27   2  28   0 
U17 0  0  27   2  16   2  29   0 
U19 0  0  33   1  32   2  -1   0 
U20 0  0  33   2  23   8  -1   0 
U21 0  0  30   2  34   7  35   0 
U22 0  0  36   1  32   2  -1   0 
U23 0  0  36   2  34   2  -1   0 
U24 0  0  38   1  30   5  -1   0 
U25 0  0  38   2  37   2  -1   0 
U27 0  0  34   2  39   2  41   0 
U29 0  0  42   5  44   2  45   0 
U30 0  0  44   2  46   5  47   0 
U31 0  0  44   5  48   2  49   0 
U34 0  0  50   5  54   2  55   0 
U35 0  0  57   1  48   7  -1   0 
U36 0  0  57   2  56   2  -1   0 
U37 0  0  59   1  48   2  -1   0 
U38 0  0  59   2  58   2  -1   0 
U39 0  0  54   5  60   2  61   0 
U41 0  0  64   1  54   2  -1   0 
U42 0  0  64   2  63   2  -1   0 
U46 0  0  46   2  70   2  71   0 
U47 0  0  73   1  56   2  -1   0 
U48 0  0  73   2  72   2  -1   0 
U50 0  0  74   2  70   2  76   0 
U51 0  0  74  18  77   2  78   0 
U52 0  0  74  14  79   2  80   0 
U53 0  0  77   2  79   6  81   0 
U54 0  0  83   1  79   2  -1   0 
U55 0  0  83   2  82   2  -1   0 
U56 0  0  85   1   8   2  -1   0 
U57 0  0  85   2  84   2  -1   0 
U 4 0  0   2  11   8   2   9   2    -112     64   -112    160
U44 0  0   6   4  67   2  68   2     -16     32    -16    160
U58 0  0  86   1  10   2  -1   0 
U59 0  0  87   1   4   2  -1   0 
U60 0  0  88   1  84   2  -1   0 
U61 0  0  89   1  82   2  -1   0 
U62 0  0  90   1  63   2  -1   0 
U63 0  0  91   1  65   2  -1   0 
U64 0  0  92   1  58   2  -1   0 
U65 0  0  93   1  72   2  -1   0 
U66 0  0  94   1  25   2  -1   0 
U71 0  0 100   1  37   2  -1   0 
U49 0  0   8   5  74   2  75   2    -256    208   -256    304
U45 0  0  46   2  67   4  69   2     128    304    128    192
U26 0  0  27   4  39   2  40   2     144     32    144    176
U28 0  0  39   5  42   2  43   2     320    224    320    304
U33 0  0  44   7  52   2  53   2     560    432    560    528
U32 0  0  44  11  50   3  51   2     416    496    416    544
U40 0  0  60   2  52   4  62   2     640    624    640    560
U18 0  0  30   2  23   5  31   2     896    256    896    128
U73 0  0 101   1  60   5  -1   0 
U72 0  0 101   2  65   2  -1   0 
!    ---- Posição de Legenda de Componentes ----
!NumCompo Label Rot Px Py
X   1  3  1     1.03    16.99
X   4  3  1     0.33    14.03
X   6  0  1     0.33   -16.20
X  12  3  1     0.36    15.51
X  16  0  1    -1.82   -17.68
X  27  0  1     0.37   -16.94
X  32  2  1     0.00     8.00
X  32  3  1     0.00    20.00
X  34  2  1     3.53    -1.12
X  34  3  1     5.01     9.24
X  79  3  1     0.00    20.00
!     ---- Posição de Legenda de Ligacoes ----
!Lado NumLig Label Px Py
